 
 gcc -g p5original.c
 ./a.out
Enter the size of array
2
Enter the array elements
1
2
the index of largest element 2 in array is 1
 gdb ./a.out
GNU gdb (Ubuntu 8.1.1-0ubuntu1) 8.1.1
Copyright (C) 2018 Free Software Foundation, Inc.
License GPLv3+: GNU GPL version 3 or later <http://gnu.org/licenses/gpl.html>
This is free software: you are free to change and redistribute it.
There is NO WARRANTY, to the extent permitted by law.  Type "show copying"
and "show warranty" for details.
This GDB was configured as "x86_64-linux-gnu".
Type "show configuration" for configuration details.
For bug reporting instructions, please see:
<http://www.gnu.org/software/gdb/bugs/>.
Find the GDB manual and other documentation resources online at:
<http://www.gnu.org/software/gdb/documentation/>.
For help, type "help".
Type "apropos word" to search for commands related to "word"...
Reading symbols from ./a.out...done.
(gdb) b main
Breakpoint 1 at 0x8da: file p5original.c, line 34.
(gdb) r
Starting program: /home/runner/Test3Session1/a.out 
warning: Error disabling address space randomization: Operation not permitted

Breakpoint 1, main () at p5original.c:34
34  {
(gdb) n
35    int n=input_size();
(gdb) n
Enter the size of array
2
36    int a[n];
(gdb) n
37    input_array(n,a);
(gdb) s
input_array (n=2, a=0x7ffe684ddac0) at p5original.c:11
11    printf("Enter the array elements\n");
(gdb) n
Enter the array elements
12    for(int i=0;i<n;i++)
(gdb) n
14      scanf("%d",&a[i]);
(gdb) n
1
12    for(int i=0;i<n;i++)
(gdb) n
14      scanf("%d",&a[i]);
(gdb) n
2
12    for(int i=0;i<n;i++)
(gdb) n
16  }
(gdb) n
main () at p5original.c:38
38    int maxm=find_largest(n,a);
(gdb) n
39    out_put(n,a,maxm);
(gdb) s
out_put (n=2, a=0x7ffe684ddac0, largest=1) at p5original.c:31
31    printf("the index of largest element %d in array is %d\n",a[largest],largest);
(gdb) n
the index of largest element 2 in array is 1
32  }
(gdb) n
main () at p5original.c:40
40    return 0;
(gdb) n
41  }
(gdb) q
A debugging session is active.

    Inferior 1 [process 515] will be killed.

Quit anyway? (y or n) y